// Jest Snapshot v1, https://goo.gl/fbAQLP

exports[`Reporting unit rendered 1`] = `
<Provider
  store={
    Object {
      "@@observable": [Function],
      "dispatch": [Function],
      "getState": [Function],
      "replaceReducer": [Function],
      "subscribe": [Function],
    }
  }
>
  <Connect(Replica) />
  <Connect(Replica) />
  <Connect(Replica) />
  <Connect(Replica) />
  <withRouter(Connect(App)) />
</Provider>
`;
