// Jest Snapshot v1, https://goo.gl/fbAQLP

exports[`Jest successfully create a snapshot with classname 1`] = `
<div
  className="container"
>
  <h1
    className="title"
  >
    Title
  </h1>
  <p
    className="content"
  >
    Text content.
  </p>
</div>
`;
