// Jest Snapshot v1, https://goo.gl/fbAQLP

exports[`ProjectSettings renders default values 1`] = `null`;
