// Jest Snapshot v1, https://goo.gl/fbAQLP

exports[`ABTesting Design - Section renders section snapshot 1`] = `""`;
